Java HotSpot(TM) 64-Bit Server VM (25.77-b03) for bsd-amd64 JRE (1.8.0_77-b03), built on Mar 20 2016 22:14:03 by "java_re" with gcc 4.2.1 (Based on Apple Inc. build 5658) (LLVM build 2336.11.00)
Memory: 4k page, physical 8388608k(20248k free)

/proc/meminfo:

CommandLine flags: -XX:+DisableExplicitGC -XX:InitialHeapSize=1073741824 -XX:InitiatingHeapOccupancyPercent=35 -XX:+ManagementServer -XX:MaxGCPauseMillis=20 -XX:MaxHeapSize=1073741824 -XX:+PrintGC -XX:+PrintGCDateStamps -XX:+PrintGCDetails -XX:+PrintGCTimeStamps -XX:+UseCompressedClassPointers -XX:+UseCompressedOops -XX:+UseG1GC 
2017-01-21T15:03:02.900+0500: 1.873: [GC pause (G1 Evacuation Pause) (young), 0.0122439 secs]
   [Parallel Time: 6.0 ms, GC Workers: 4]
      [GC Worker Start (ms): Min: 1873.5, Avg: 1873.5, Max: 1873.5, Diff: 0.0]
      [Ext Root Scanning (ms): Min: 0.6, Avg: 1.0, Max: 2.0, Diff: 1.5, Sum: 4.1]
      [Update RS (ms): Min: 0.0, Avg: 0.0, Max: 0.0, Diff: 0.0, Sum: 0.0]
         [Processed Buffers: Min: 0, Avg: 0.0, Max: 0, Diff: 0, Sum: 0]
      [Scan RS (ms): Min: 0.0, Avg: 0.0, Max: 0.0, Diff: 0.0, Sum: 0.0]
      [Code Root Scanning (ms): Min: 0.0, Avg: 0.2, Max: 0.3, Diff: 0.3, Sum: 0.7]
      [Object Copy (ms): Min: 3.8, Avg: 4.6, Max: 5.0, Diff: 1.2, Sum: 18.3]
      [Termination (ms): Min: 0.0, Avg: 0.0, Max: 0.0, Diff: 0.0, Sum: 0.0]
         [Termination Attempts: Min: 1, Avg: 3.2, Max: 6, Diff: 5, Sum: 13]
      [GC Worker Other (ms): Min: 0.0, Avg: 0.1, Max: 0.2, Diff: 0.2, Sum: 0.3]
      [GC Worker Total (ms): Min: 5.8, Avg: 5.9, Max: 5.9, Diff: 0.0, Sum: 23.4]
      [GC Worker End (ms): Min: 1879.4, Avg: 1879.4, Max: 1879.4, Diff: 0.0]
   [Code Root Fixup: 0.1 ms]
   [Code Root Purge: 0.0 ms]
   [Clear CT: 0.1 ms]
   [Other: 6.0 ms]
      [Choose CSet: 0.0 ms]
      [Ref Proc: 4.8 ms]
      [Ref Enq: 0.0 ms]
      [Redirty Cards: 0.1 ms]
      [Humongous Register: 0.1 ms]
      [Humongous Reclaim: 0.0 ms]
      [Free CSet: 0.1 ms]
   [Eden: 51.0M(51.0M)->0.0B(44.0M) Survivors: 0.0B->7168.0K Heap: 51.0M(1024.0M)->8104.0K(1024.0M)]
 [Times: user=0.02 sys=0.01, real=0.01 secs] 
2017-01-21T15:04:36.806+0500: 95.776: [GC pause (G1 Evacuation Pause) (young), 0.0136015 secs]
   [Parallel Time: 7.7 ms, GC Workers: 4]
      [GC Worker Start (ms): Min: 95776.0, Avg: 95776.9, Max: 95778.7, Diff: 2.6]
      [Ext Root Scanning (ms): Min: 0.0, Avg: 0.8, Max: 1.6, Diff: 1.6, Sum: 3.2]
      [Update RS (ms): Min: 0.0, Avg: 0.1, Max: 0.5, Diff: 0.5, Sum: 0.5]
         [Processed Buffers: Min: 0, Avg: 0.2, Max: 1, Diff: 1, Sum: 1]
      [Scan RS (ms): Min: 0.0, Avg: 0.0, Max: 0.0, Diff: 0.0, Sum: 0.1]
      [Code Root Scanning (ms): Min: 0.0, Avg: 0.7, Max: 1.6, Diff: 1.6, Sum: 2.7]
      [Object Copy (ms): Min: 4.7, Avg: 5.0, Max: 5.5, Diff: 0.8, Sum: 20.1]
      [Termination (ms): Min: 0.0, Avg: 0.1, Max: 0.1, Diff: 0.1, Sum: 0.3]
         [Termination Attempts: Min: 2, Avg: 4.2, Max: 7, Diff: 5, Sum: 17]
      [GC Worker Other (ms): Min: 0.0, Avg: 0.0, Max: 0.0, Diff: 0.0, Sum: 0.1]
      [GC Worker Total (ms): Min: 5.0, Avg: 6.7, Max: 7.6, Diff: 2.7, Sum: 26.7]
      [GC Worker End (ms): Min: 95783.6, Avg: 95783.6, Max: 95783.7, Diff: 0.0]
   [Code Root Fixup: 0.6 ms]
   [Code Root Purge: 0.0 ms]
   [Clear CT: 0.1 ms]
   [Other: 5.2 ms]
      [Choose CSet: 0.0 ms]
      [Ref Proc: 4.8 ms]
      [Ref Enq: 0.0 ms]
      [Redirty Cards: 0.0 ms]
      [Humongous Register: 0.0 ms]
      [Humongous Reclaim: 0.0 ms]
      [Free CSet: 0.2 ms]
   [Eden: 44.0M(44.0M)->0.0B(44.0M) Survivors: 7168.0K->7168.0K Heap: 179.9M(1024.0M)->137.8M(1024.0M)]
 [Times: user=0.03 sys=0.00, real=0.02 secs] 
2017-01-21T15:04:36.907+0500: 95.877: [GC pause (Metadata GC Threshold) (young) (initial-mark), 0.0078500 secs]
   [Parallel Time: 6.3 ms, GC Workers: 4]
      [GC Worker Start (ms): Min: 95877.0, Avg: 95877.1, Max: 95877.1, Diff: 0.0]
      [Ext Root Scanning (ms): Min: 0.9, Avg: 1.0, Max: 1.1, Diff: 0.2, Sum: 4.1]
      [Update RS (ms): Min: 0.0, Avg: 0.2, Max: 0.2, Diff: 0.2, Sum: 0.6]
         [Processed Buffers: Min: 0, Avg: 1.0, Max: 2, Diff: 2, Sum: 4]
      [Scan RS (ms): Min: 0.0, Avg: 0.0, Max: 0.0, Diff: 0.0, Sum: 0.0]
      [Code Root Scanning (ms): Min: 0.0, Avg: 0.8, Max: 1.6, Diff: 1.6, Sum: 3.1]
      [Object Copy (ms): Min: 3.3, Avg: 4.2, Max: 5.0, Diff: 1.7, Sum: 16.9]
      [Termination (ms): Min: 0.0, Avg: 0.0, Max: 0.0, Diff: 0.0, Sum: 0.0]
         [Termination Attempts: Min: 1, Avg: 1.0, Max: 1, Diff: 0, Sum: 4]
      [GC Worker Other (ms): Min: 0.0, Avg: 0.0, Max: 0.0, Diff: 0.0, Sum: 0.1]
      [GC Worker Total (ms): Min: 6.2, Avg: 6.2, Max: 6.2, Diff: 0.0, Sum: 24.8]
      [GC Worker End (ms): Min: 95883.3, Avg: 95883.3, Max: 95883.3, Diff: 0.0]
   [Code Root Fixup: 0.3 ms]
   [Code Root Purge: 0.0 ms]
   [Clear CT: 0.0 ms]
   [Other: 1.2 ms]
      [Choose CSet: 0.0 ms]
      [Ref Proc: 0.4 ms]
      [Ref Enq: 0.0 ms]
      [Redirty Cards: 0.0 ms]
      [Humongous Register: 0.0 ms]
      [Humongous Reclaim: 0.0 ms]
      [Free CSet: 0.2 ms]
   [Eden: 6144.0K(44.0M)->0.0B(47.0M) Survivors: 7168.0K->4096.0K Heap: 143.3M(1024.0M)->138.0M(1024.0M)]
 [Times: user=0.02 sys=0.00, real=0.01 secs] 
2017-01-21T15:04:36.915+0500: 95.885: [GC concurrent-root-region-scan-start]
2017-01-21T15:04:36.918+0500: 95.888: [GC concurrent-root-region-scan-end, 0.0033014 secs]
2017-01-21T15:04:36.918+0500: 95.888: [GC concurrent-mark-start]
2017-01-21T15:04:36.925+0500: 95.895: [GC concurrent-mark-end, 0.0065242 secs]
2017-01-21T15:04:36.925+0500: 95.895: [GC remark 2017-01-21T15:04:36.925+0500: 95.895: [Finalize Marking, 0.0014804 secs] 2017-01-21T15:04:36.926+0500: 95.897: [GC ref-proc, 0.0001090 secs] 2017-01-21T15:04:36.927+0500: 95.897: [Unloading, 0.0055121 secs], 0.0086301 secs]
 [Times: user=0.02 sys=0.01, real=0.01 secs] 
2017-01-21T15:04:36.934+0500: 95.904: [GC cleanup 138M->135M(1024M), 0.0022808 secs]
 [Times: user=0.00 sys=0.00, real=0.00 secs] 
2017-01-21T15:04:36.936+0500: 95.906: [GC concurrent-cleanup-start]
2017-01-21T15:04:36.936+0500: 95.906: [GC concurrent-cleanup-end, 0.0000202 secs]
2017-01-21T15:53:38.813+0500: 3037.704: [GC pause (G1 Evacuation Pause) (young), 0.0062536 secs]
   [Parallel Time: 5.2 ms, GC Workers: 4]
      [GC Worker Start (ms): Min: 3037703.7, Avg: 3037703.7, Max: 3037703.8, Diff: 0.1]
      [Ext Root Scanning (ms): Min: 0.5, Avg: 0.7, Max: 1.1, Diff: 0.6, Sum: 2.8]
      [Update RS (ms): Min: 1.2, Avg: 1.4, Max: 1.7, Diff: 0.5, Sum: 5.7]
         [Processed Buffers: Min: 1, Avg: 5.5, Max: 17, Diff: 16, Sum: 22]
      [Scan RS (ms): Min: 0.2, Avg: 0.9, Max: 2.7, Diff: 2.5, Sum: 3.6]
      [Code Root Scanning (ms): Min: 0.0, Avg: 0.7, Max: 2.4, Diff: 2.4, Sum: 2.7]
      [Object Copy (ms): Min: 0.0, Avg: 1.2, Max: 2.4, Diff: 2.4, Sum: 4.9]
      [Termination (ms): Min: 0.0, Avg: 0.1, Max: 0.2, Diff: 0.2, Sum: 0.5]
         [Termination Attempts: Min: 1, Avg: 1.8, Max: 3, Diff: 2, Sum: 7]
      [GC Worker Other (ms): Min: 0.0, Avg: 0.0, Max: 0.0, Diff: 0.0, Sum: 0.1]
      [GC Worker Total (ms): Min: 5.1, Avg: 5.1, Max: 5.1, Diff: 0.1, Sum: 20.3]
      [GC Worker End (ms): Min: 3037708.8, Avg: 3037708.8, Max: 3037708.8, Diff: 0.0]
   [Code Root Fixup: 0.1 ms]
   [Code Root Purge: 0.0 ms]
   [Clear CT: 0.1 ms]
   [Other: 1.0 ms]
      [Choose CSet: 0.0 ms]
      [Ref Proc: 0.6 ms]
      [Ref Enq: 0.0 ms]
      [Redirty Cards: 0.0 ms]
      [Humongous Register: 0.0 ms]
      [Humongous Reclaim: 0.0 ms]
      [Free CSet: 0.0 ms]
   [Eden: 47.0M(47.0M)->0.0B(47.0M) Survivors: 4096.0K->4096.0K Heap: 182.0M(1024.0M)->135.0M(1024.0M)]
 [Times: user=0.01 sys=0.00, real=0.01 secs] 
2017-01-21T18:03:13.768+0500: 5132.074: [GC pause (G1 Evacuation Pause) (young), 0.0178472 secs]
   [Parallel Time: 12.7 ms, GC Workers: 4]
      [GC Worker Start (ms): Min: 5132073.9, Avg: 5132076.4, Max: 5132078.3, Diff: 4.4]
      [Ext Root Scanning (ms): Min: 0.0, Avg: 0.5, Max: 1.5, Diff: 1.5, Sum: 2.0]
      [Update RS (ms): Min: 0.0, Avg: 0.0, Max: 0.1, Diff: 0.1, Sum: 0.2]
         [Processed Buffers: Min: 0, Avg: 4.8, Max: 13, Diff: 13, Sum: 19]
      [Scan RS (ms): Min: 0.0, Avg: 0.2, Max: 0.4, Diff: 0.4, Sum: 0.6]
      [Code Root Scanning (ms): Min: 0.0, Avg: 0.1, Max: 0.4, Diff: 0.4, Sum: 0.6]
      [Object Copy (ms): Min: 0.0, Avg: 1.1, Max: 2.1, Diff: 2.1, Sum: 4.2]
      [Termination (ms): Min: 0.0, Avg: 4.2, Max: 8.4, Diff: 8.4, Sum: 16.8]
         [Termination Attempts: Min: 1, Avg: 1.0, Max: 1, Diff: 0, Sum: 4]
      [GC Worker Other (ms): Min: 0.0, Avg: 0.0, Max: 0.0, Diff: 0.0, Sum: 0.0]
      [GC Worker Total (ms): Min: 0.0, Avg: 6.1, Max: 12.7, Diff: 12.7, Sum: 24.4]
      [GC Worker End (ms): Min: 5132078.3, Avg: 5132082.5, Max: 5132086.6, Diff: 8.3]
   [Code Root Fixup: 0.1 ms]
   [Code Root Purge: 0.0 ms]
   [Clear CT: 0.1 ms]
   [Other: 4.9 ms]
      [Choose CSet: 0.0 ms]
      [Ref Proc: 4.5 ms]
      [Ref Enq: 0.0 ms]
      [Redirty Cards: 0.0 ms]
      [Humongous Register: 0.0 ms]
      [Humongous Reclaim: 0.0 ms]
      [Free CSet: 0.1 ms]
   [Eden: 47.0M(47.0M)->0.0B(48.0M) Survivors: 4096.0K->3072.0K Heap: 182.0M(1024.0M)->133.6M(1024.0M)]
 [Times: user=0.02 sys=0.00, real=0.02 secs] 
2017-01-21T18:22:17.343+0500: 6275.618: [GC pause (G1 Evacuation Pause) (young), 0.0053800 secs]
   [Parallel Time: 3.5 ms, GC Workers: 4]
      [GC Worker Start (ms): Min: 6275617.6, Avg: 6275617.6, Max: 6275617.7, Diff: 0.0]
      [Ext Root Scanning (ms): Min: 0.3, Avg: 0.4, Max: 0.8, Diff: 0.5, Sum: 1.7]
      [Update RS (ms): Min: 0.0, Avg: 0.2, Max: 0.4, Diff: 0.4, Sum: 1.0]
         [Processed Buffers: Min: 0, Avg: 3.5, Max: 12, Diff: 12, Sum: 14]
      [Scan RS (ms): Min: 0.0, Avg: 0.0, Max: 0.0, Diff: 0.0, Sum: 0.0]
      [Code Root Scanning (ms): Min: 0.0, Avg: 0.4, Max: 1.0, Diff: 1.0, Sum: 1.5]
      [Object Copy (ms): Min: 1.7, Avg: 2.4, Max: 2.7, Diff: 1.0, Sum: 9.6]
      [Termination (ms): Min: 0.0, Avg: 0.0, Max: 0.0, Diff: 0.0, Sum: 0.0]
         [Termination Attempts: Min: 1, Avg: 1.0, Max: 1, Diff: 0, Sum: 4]
      [GC Worker Other (ms): Min: 0.0, Avg: 0.0, Max: 0.0, Diff: 0.0, Sum: 0.1]
      [GC Worker Total (ms): Min: 3.5, Avg: 3.5, Max: 3.5, Diff: 0.0, Sum: 13.9]
      [GC Worker End (ms): Min: 6275621.1, Avg: 6275621.1, Max: 6275621.1, Diff: 0.0]
   [Code Root Fixup: 0.3 ms]
   [Code Root Purge: 0.0 ms]
   [Clear CT: 0.1 ms]
   [Other: 1.4 ms]
      [Choose CSet: 0.0 ms]
      [Ref Proc: 1.1 ms]
      [Ref Enq: 0.0 ms]
      [Redirty Cards: 0.1 ms]
      [Humongous Register: 0.0 ms]
      [Humongous Reclaim: 0.0 ms]
      [Free CSet: 0.1 ms]
   [Eden: 48.0M(48.0M)->0.0B(45.0M) Survivors: 3072.0K->6144.0K Heap: 181.6M(1024.0M)->136.4M(1024.0M)]
 [Times: user=0.02 sys=0.00, real=0.00 secs] 
2017-01-21T18:47:03.797+0500: 7762.031: [GC pause (G1 Evacuation Pause) (young), 0.0041884 secs]
   [Parallel Time: 3.3 ms, GC Workers: 4]
      [GC Worker Start (ms): Min: 7762030.6, Avg: 7762030.6, Max: 7762030.6, Diff: 0.0]
      [Ext Root Scanning (ms): Min: 0.4, Avg: 0.6, Max: 0.8, Diff: 0.4, Sum: 2.4]
      [Update RS (ms): Min: 0.0, Avg: 0.2, Max: 0.3, Diff: 0.3, Sum: 0.9]
         [Processed Buffers: Min: 1, Avg: 2.0, Max: 4, Diff: 3, Sum: 8]
      [Scan RS (ms): Min: 0.0, Avg: 0.0, Max: 0.0, Diff: 0.0, Sum: 0.0]
      [Code Root Scanning (ms): Min: 0.0, Avg: 0.4, Max: 0.8, Diff: 0.8, Sum: 1.4]
      [Object Copy (ms): Min: 1.6, Avg: 2.0, Max: 2.5, Diff: 0.8, Sum: 8.1]
      [Termination (ms): Min: 0.0, Avg: 0.0, Max: 0.0, Diff: 0.0, Sum: 0.0]
         [Termination Attempts: Min: 1, Avg: 1.0, Max: 1, Diff: 0, Sum: 4]
      [GC Worker Other (ms): Min: 0.0, Avg: 0.0, Max: 0.0, Diff: 0.0, Sum: 0.1]
      [GC Worker Total (ms): Min: 3.2, Avg: 3.2, Max: 3.3, Diff: 0.1, Sum: 12.9]
      [GC Worker End (ms): Min: 7762033.8, Avg: 7762033.8, Max: 7762033.9, Diff: 0.0]
   [Code Root Fixup: 0.2 ms]
   [Code Root Purge: 0.0 ms]
   [Clear CT: 0.1 ms]
   [Other: 0.6 ms]
      [Choose CSet: 0.0 ms]
      [Ref Proc: 0.3 ms]
      [Ref Enq: 0.0 ms]
      [Redirty Cards: 0.0 ms]
      [Humongous Register: 0.0 ms]
      [Humongous Reclaim: 0.0 ms]
      [Free CSet: 0.1 ms]
   [Eden: 45.0M(45.0M)->0.0B(46.0M) Survivors: 6144.0K->5120.0K Heap: 181.4M(1024.0M)->135.5M(1024.0M)]
 [Times: user=0.01 sys=0.00, real=0.01 secs] 
2017-01-21T19:02:34.611+0500: 8692.818: [GC pause (G1 Evacuation Pause) (young), 0.0127522 secs]
   [Parallel Time: 10.2 ms, GC Workers: 4]
      [GC Worker Start (ms): Min: 8692820.1, Avg: 8692820.2, Max: 8692820.2, Diff: 0.1]
      [Ext Root Scanning (ms): Min: 1.6, Avg: 2.5, Max: 5.3, Diff: 3.7, Sum: 10.1]
      [Update RS (ms): Min: 0.0, Avg: 0.9, Max: 1.6, Diff: 1.6, Sum: 3.7]
         [Processed Buffers: Min: 0, Avg: 1.8, Max: 5, Diff: 5, Sum: 7]
      [Scan RS (ms): Min: 0.0, Avg: 0.0, Max: 0.0, Diff: 0.0, Sum: 0.0]
      [Code Root Scanning (ms): Min: 0.0, Avg: 0.4, Max: 1.0, Diff: 1.0, Sum: 1.6]
      [Object Copy (ms): Min: 4.6, Avg: 6.0, Max: 6.6, Diff: 1.9, Sum: 23.9]
      [Termination (ms): Min: 0.0, Avg: 0.2, Max: 0.3, Diff: 0.3, Sum: 0.9]
         [Termination Attempts: Min: 1, Avg: 1.0, Max: 1, Diff: 0, Sum: 4]
      [GC Worker Other (ms): Min: 0.0, Avg: 0.0, Max: 0.0, Diff: 0.0, Sum: 0.1]
      [GC Worker Total (ms): Min: 10.0, Avg: 10.1, Max: 10.1, Diff: 0.1, Sum: 40.3]
      [GC Worker End (ms): Min: 8692830.3, Avg: 8692830.3, Max: 8692830.3, Diff: 0.0]
   [Code Root Fixup: 0.2 ms]
   [Code Root Purge: 0.0 ms]
   [Clear CT: 0.0 ms]
   [Other: 2.2 ms]
      [Choose CSet: 0.0 ms]
      [Ref Proc: 0.2 ms]
      [Ref Enq: 0.0 ms]
      [Redirty Cards: 0.0 ms]
      [Humongous Register: 1.5 ms]
      [Humongous Reclaim: 0.0 ms]
      [Free CSet: 0.1 ms]
   [Eden: 46.0M(46.0M)->0.0B(48.0M) Survivors: 5120.0K->5120.0K Heap: 181.5M(1024.0M)->135.3M(1024.0M)]
 [Times: user=0.02 sys=0.02, real=0.01 secs] 
2017-01-21T19:19:15.635+0500: 9699.387: [GC pause (G1 Evacuation Pause) (young), 0.0055512 secs]
   [Parallel Time: 4.6 ms, GC Workers: 4]
      [GC Worker Start (ms): Min: 9699386.9, Avg: 9699387.0, Max: 9699387.0, Diff: 0.1]
      [Ext Root Scanning (ms): Min: 0.4, Avg: 0.5, Max: 1.0, Diff: 0.6, Sum: 2.1]
      [Update RS (ms): Min: 0.0, Avg: 0.2, Max: 0.4, Diff: 0.4, Sum: 0.9]
         [Processed Buffers: Min: 0, Avg: 1.8, Max: 5, Diff: 5, Sum: 7]
      [Scan RS (ms): Min: 0.0, Avg: 0.0, Max: 0.0, Diff: 0.0, Sum: 0.0]
      [Code Root Scanning (ms): Min: 0.0, Avg: 0.5, Max: 1.0, Diff: 1.0, Sum: 2.0]
      [Object Copy (ms): Min: 2.5, Avg: 3.2, Max: 3.7, Diff: 1.1, Sum: 12.7]
      [Termination (ms): Min: 0.0, Avg: 0.1, Max: 0.1, Diff: 0.1, Sum: 0.3]
         [Termination Attempts: Min: 1, Avg: 1.0, Max: 1, Diff: 0, Sum: 4]
      [GC Worker Other (ms): Min: 0.0, Avg: 0.0, Max: 0.0, Diff: 0.0, Sum: 0.1]
      [GC Worker Total (ms): Min: 4.5, Avg: 4.6, Max: 4.6, Diff: 0.0, Sum: 18.2]
      [GC Worker End (ms): Min: 9699391.5, Avg: 9699391.5, Max: 9699391.5, Diff: 0.0]
   [Code Root Fixup: 0.3 ms]
   [Code Root Purge: 0.0 ms]
   [Clear CT: 0.1 ms]
   [Other: 0.5 ms]
      [Choose CSet: 0.0 ms]
      [Ref Proc: 0.2 ms]
      [Ref Enq: 0.0 ms]
      [Redirty Cards: 0.1 ms]
      [Humongous Register: 0.0 ms]
      [Humongous Reclaim: 0.0 ms]
      [Free CSet: 0.1 ms]
   [Eden: 48.0M(48.0M)->0.0B(65.0M) Survivors: 5120.0K->5120.0K Heap: 183.3M(1024.0M)->135.5M(1024.0M)]
 [Times: user=0.01 sys=0.01, real=0.01 secs] 
2017-01-21T19:41:56.085+0500: 11059.800: [GC pause (G1 Evacuation Pause) (young), 0.0066661 secs]
   [Parallel Time: 5.6 ms, GC Workers: 4]
      [GC Worker Start (ms): Min: 11059800.2, Avg: 11059800.4, Max: 11059800.5, Diff: 0.2]
      [Ext Root Scanning (ms): Min: 0.5, Avg: 0.7, Max: 1.3, Diff: 0.8, Sum: 2.9]
      [Update RS (ms): Min: 0.1, Avg: 0.4, Max: 0.6, Diff: 0.5, Sum: 1.6]
         [Processed Buffers: Min: 1, Avg: 2.2, Max: 6, Diff: 5, Sum: 9]
      [Scan RS (ms): Min: 0.0, Avg: 0.0, Max: 0.1, Diff: 0.0, Sum: 0.1]
      [Code Root Scanning (ms): Min: 0.0, Avg: 0.7, Max: 1.4, Diff: 1.4, Sum: 2.7]
      [Object Copy (ms): Min: 2.8, Avg: 3.5, Max: 4.1, Diff: 1.3, Sum: 13.9]
      [Termination (ms): Min: 0.0, Avg: 0.1, Max: 0.2, Diff: 0.2, Sum: 0.5]
         [Termination Attempts: Min: 1, Avg: 1.0, Max: 1, Diff: 0, Sum: 4]
      [GC Worker Other (ms): Min: 0.0, Avg: 0.0, Max: 0.0, Diff: 0.0, Sum: 0.1]
      [GC Worker Total (ms): Min: 5.3, Avg: 5.4, Max: 5.6, Diff: 0.2, Sum: 21.7]
      [GC Worker End (ms): Min: 11059805.8, Avg: 11059805.8, Max: 11059805.8, Diff: 0.0]
   [Code Root Fixup: 0.3 ms]
   [Code Root Purge: 0.0 ms]
   [Clear CT: 0.1 ms]
   [Other: 0.6 ms]
      [Choose CSet: 0.0 ms]
      [Ref Proc: 0.3 ms]
      [Ref Enq: 0.0 ms]
      [Redirty Cards: 0.0 ms]
      [Humongous Register: 0.0 ms]
      [Humongous Reclaim: 0.0 ms]
      [Free CSet: 0.1 ms]
   [Eden: 65.0M(65.0M)->0.0B(88.0M) Survivors: 5120.0K->4096.0K Heap: 200.5M(1024.0M)->134.9M(1024.0M)]
 [Times: user=0.02 sys=0.00, real=0.01 secs] 
2017-01-21T20:13:12.298+0500: 12935.963: [GC pause (G1 Evacuation Pause) (young), 0.0069573 secs]
   [Parallel Time: 5.7 ms, GC Workers: 4]
      [GC Worker Start (ms): Min: 12935963.0, Avg: 12935963.1, Max: 12935963.1, Diff: 0.1]
      [Ext Root Scanning (ms): Min: 0.7, Avg: 0.8, Max: 1.3, Diff: 0.6, Sum: 3.3]
      [Update RS (ms): Min: 0.0, Avg: 0.4, Max: 0.7, Diff: 0.7, Sum: 1.5]
         [Processed Buffers: Min: 1, Avg: 1.8, Max: 3, Diff: 2, Sum: 7]
      [Scan RS (ms): Min: 0.0, Avg: 0.0, Max: 0.1, Diff: 0.1, Sum: 0.1]
      [Code Root Scanning (ms): Min: 0.0, Avg: 0.6, Max: 1.1, Diff: 1.1, Sum: 2.2]
      [Object Copy (ms): Min: 3.2, Avg: 3.8, Max: 4.3, Diff: 1.2, Sum: 15.1]
      [Termination (ms): Min: 0.0, Avg: 0.0, Max: 0.0, Diff: 0.0, Sum: 0.0]
         [Termination Attempts: Min: 1, Avg: 1.0, Max: 1, Diff: 0, Sum: 4]
      [GC Worker Other (ms): Min: 0.0, Avg: 0.0, Max: 0.0, Diff: 0.0, Sum: 0.1]
      [GC Worker Total (ms): Min: 5.6, Avg: 5.6, Max: 5.6, Diff: 0.1, Sum: 22.4]
      [GC Worker End (ms): Min: 12935968.6, Avg: 12935968.6, Max: 12935968.7, Diff: 0.0]
   [Code Root Fixup: 0.4 ms]
   [Code Root Purge: 0.0 ms]
   [Clear CT: 0.0 ms]
   [Other: 0.8 ms]
      [Choose CSet: 0.0 ms]
      [Ref Proc: 0.4 ms]
      [Ref Enq: 0.0 ms]
      [Redirty Cards: 0.1 ms]
      [Humongous Register: 0.0 ms]
      [Humongous Reclaim: 0.0 ms]
      [Free CSet: 0.1 ms]
   [Eden: 88.0M(88.0M)->0.0B(393.0M) Survivors: 4096.0K->5120.0K Heap: 222.9M(1024.0M)->135.4M(1024.0M)]
 [Times: user=0.02 sys=0.00, real=0.01 secs] 
2017-01-22T14:43:28.549+0500: 17161.391: [GC pause (G1 Evacuation Pause) (young), 0.0174083 secs]
   [Parallel Time: 13.9 ms, GC Workers: 4]
      [GC Worker Start (ms): Min: 17161392.0, Avg: 17161392.4, Max: 17161393.5, Diff: 1.5]
      [Ext Root Scanning (ms): Min: 0.1, Avg: 1.4, Max: 2.8, Diff: 2.8, Sum: 5.4]
      [Update RS (ms): Min: 0.0, Avg: 1.0, Max: 1.4, Diff: 1.4, Sum: 3.9]
         [Processed Buffers: Min: 0, Avg: 3.2, Max: 11, Diff: 11, Sum: 13]
      [Scan RS (ms): Min: 0.0, Avg: 0.1, Max: 0.1, Diff: 0.1, Sum: 0.3]
      [Code Root Scanning (ms): Min: 0.0, Avg: 1.2, Max: 2.3, Diff: 2.3, Sum: 4.7]
      [Object Copy (ms): Min: 8.5, Avg: 9.5, Max: 10.4, Diff: 1.9, Sum: 38.1]
      [Termination (ms): Min: 0.1, Avg: 0.3, Max: 0.6, Diff: 0.5, Sum: 1.2]
         [Termination Attempts: Min: 6, Avg: 16.0, Max: 24, Diff: 18, Sum: 64]
      [GC Worker Other (ms): Min: 0.0, Avg: 0.0, Max: 0.0, Diff: 0.0, Sum: 0.1]
      [GC Worker Total (ms): Min: 12.3, Avg: 13.4, Max: 13.8, Diff: 1.5, Sum: 53.7]
      [GC Worker End (ms): Min: 17161405.8, Avg: 17161405.8, Max: 17161405.8, Diff: 0.0]
   [Code Root Fixup: 0.4 ms]
   [Code Root Purge: 0.1 ms]
   [Clear CT: 0.2 ms]
   [Other: 2.9 ms]
      [Choose CSet: 0.0 ms]
      [Ref Proc: 1.0 ms]
      [Ref Enq: 0.0 ms]
      [Redirty Cards: 0.1 ms]
      [Humongous Register: 1.0 ms]
      [Humongous Reclaim: 0.0 ms]
      [Free CSet: 0.5 ms]
   [Eden: 393.0M(393.0M)->0.0B(416.0M) Survivors: 5120.0K->4096.0K Heap: 528.4M(1024.0M)->134.9M(1024.0M)]
 [Times: user=0.02 sys=0.02, real=0.02 secs] 
2017-01-23T01:19:06.529+0500: 26812.498: [GC pause (G1 Evacuation Pause) (young), 0.0199424 secs]
   [Parallel Time: 14.5 ms, GC Workers: 4]
      [GC Worker Start (ms): Min: 26812499.0, Avg: 26812499.1, Max: 26812499.2, Diff: 0.1]
      [Ext Root Scanning (ms): Min: 1.2, Avg: 1.7, Max: 3.0, Diff: 1.8, Sum: 6.7]
      [Update RS (ms): Min: 0.0, Avg: 0.9, Max: 1.6, Diff: 1.6, Sum: 3.7]
         [Processed Buffers: Min: 0, Avg: 3.2, Max: 10, Diff: 10, Sum: 13]
      [Scan RS (ms): Min: 0.0, Avg: 0.1, Max: 0.1, Diff: 0.1, Sum: 0.3]
      [Code Root Scanning (ms): Min: 0.0, Avg: 1.4, Max: 3.9, Diff: 3.9, Sum: 5.6]
      [Object Copy (ms): Min: 6.7, Avg: 8.2, Max: 9.5, Diff: 2.8, Sum: 32.8]
      [Termination (ms): Min: 1.2, Avg: 2.0, Max: 2.5, Diff: 1.3, Sum: 8.0]
         [Termination Attempts: Min: 130, Avg: 189.2, Max: 260, Diff: 130, Sum: 757]
      [GC Worker Other (ms): Min: 0.0, Avg: 0.1, Max: 0.1, Diff: 0.1, Sum: 0.2]
      [GC Worker Total (ms): Min: 14.3, Avg: 14.3, Max: 14.4, Diff: 0.1, Sum: 57.4]
      [GC Worker End (ms): Min: 26812513.4, Avg: 26812513.4, Max: 26812513.5, Diff: 0.0]
   [Code Root Fixup: 0.5 ms]
   [Code Root Purge: 0.0 ms]
   [Clear CT: 0.5 ms]
   [Other: 4.5 ms]
      [Choose CSet: 0.0 ms]
      [Ref Proc: 2.3 ms]
      [Ref Enq: 0.0 ms]
      [Redirty Cards: 0.0 ms]
      [Humongous Register: 0.9 ms]
      [Humongous Reclaim: 0.0 ms]
      [Free CSet: 0.7 ms]
   [Eden: 416.0M(416.0M)->0.0B(438.0M) Survivors: 4096.0K->5120.0K Heap: 550.9M(1024.0M)->136.0M(1024.0M)]
 [Times: user=0.04 sys=0.03, real=0.03 secs] 
2017-01-24T00:05:26.096+0500: 40111.973: [GC pause (G1 Evacuation Pause) (young), 0.0303265 secs]
   [Parallel Time: 24.1 ms, GC Workers: 4]
      [GC Worker Start (ms): Min: 40111974.9, Avg: 40111975.0, Max: 40111975.2, Diff: 0.3]
      [Ext Root Scanning (ms): Min: 1.9, Avg: 2.6, Max: 4.3, Diff: 2.3, Sum: 10.3]
      [Update RS (ms): Min: 0.0, Avg: 0.9, Max: 2.0, Diff: 2.0, Sum: 3.5]
         [Processed Buffers: Min: 0, Avg: 3.0, Max: 9, Diff: 9, Sum: 12]
      [Scan RS (ms): Min: 0.0, Avg: 0.1, Max: 0.1, Diff: 0.1, Sum: 0.3]
      [Code Root Scanning (ms): Min: 0.0, Avg: 2.4, Max: 5.2, Diff: 5.2, Sum: 9.7]
      [Object Copy (ms): Min: 8.2, Avg: 12.0, Max: 15.1, Diff: 6.9, Sum: 48.0]
      [Termination (ms): Min: 2.7, Avg: 5.8, Max: 8.7, Diff: 6.0, Sum: 23.3]
         [Termination Attempts: Min: 146, Avg: 249.2, Max: 360, Diff: 214, Sum: 997]
      [GC Worker Other (ms): Min: 0.1, Avg: 0.1, Max: 0.1, Diff: 0.0, Sum: 0.2]
      [GC Worker Total (ms): Min: 23.6, Avg: 23.8, Max: 24.0, Diff: 0.3, Sum: 95.3]
      [GC Worker End (ms): Min: 40111998.8, Avg: 40111998.8, Max: 40111998.9, Diff: 0.0]
   [Code Root Fixup: 0.5 ms]
   [Code Root Purge: 0.0 ms]
   [Clear CT: 0.5 ms]
   [Other: 5.2 ms]
      [Choose CSet: 0.0 ms]
      [Ref Proc: 2.5 ms]
      [Ref Enq: 0.0 ms]
      [Redirty Cards: 0.1 ms]
      [Humongous Register: 1.5 ms]
      [Humongous Reclaim: 0.0 ms]
      [Free CSet: 0.7 ms]
   [Eden: 438.0M(438.0M)->0.0B(327.0M) Survivors: 5120.0K->5120.0K Heap: 574.0M(1024.0M)->135.3M(1024.0M)]
 [Times: user=0.03 sys=0.04, real=0.03 secs] 
2017-01-24T20:55:14.544+0500: 51498.335: [GC pause (G1 Evacuation Pause) (young), 0.0288527 secs]
   [Parallel Time: 24.0 ms, GC Workers: 4]
      [GC Worker Start (ms): Min: 51498336.6, Avg: 51498336.7, Max: 51498336.7, Diff: 0.1]
      [Ext Root Scanning (ms): Min: 1.2, Avg: 2.0, Max: 4.0, Diff: 2.8, Sum: 8.0]
      [Update RS (ms): Min: 0.0, Avg: 1.2, Max: 2.0, Diff: 2.0, Sum: 4.8]
         [Processed Buffers: Min: 0, Avg: 3.2, Max: 9, Diff: 9, Sum: 13]
      [Scan RS (ms): Min: 0.0, Avg: 0.1, Max: 0.1, Diff: 0.1, Sum: 0.3]
      [Code Root Scanning (ms): Min: 0.0, Avg: 1.4, Max: 2.7, Diff: 2.7, Sum: 5.5]
      [Object Copy (ms): Min: 12.9, Avg: 15.5, Max: 16.9, Diff: 4.0, Sum: 62.0]
      [Termination (ms): Min: 2.5, Avg: 3.7, Max: 5.4, Diff: 2.9, Sum: 14.8]
         [Termination Attempts: Min: 131, Avg: 165.5, Max: 186, Diff: 55, Sum: 662]
      [GC Worker Other (ms): Min: 0.0, Avg: 0.0, Max: 0.0, Diff: 0.0, Sum: 0.2]
      [GC Worker Total (ms): Min: 23.8, Avg: 23.9, Max: 23.9, Diff: 0.1, Sum: 95.5]
      [GC Worker End (ms): Min: 51498360.5, Avg: 51498360.5, Max: 51498360.5, Diff: 0.0]
   [Code Root Fixup: 0.5 ms]
   [Code Root Purge: 0.0 ms]
   [Clear CT: 0.4 ms]
   [Other: 3.9 ms]
      [Choose CSet: 0.0 ms]
      [Ref Proc: 1.9 ms]
      [Ref Enq: 0.0 ms]
      [Redirty Cards: 0.0 ms]
      [Humongous Register: 1.0 ms]
      [Humongous Reclaim: 0.0 ms]
      [Free CSet: 0.6 ms]
   [Eden: 327.0M(327.0M)->0.0B(238.0M) Survivors: 5120.0K->5120.0K Heap: 462.3M(1024.0M)->135.5M(1024.0M)]
 [Times: user=0.04 sys=0.06, real=0.03 secs] 
2017-01-24T23:20:20.546+0500: 58848.340: [GC pause (G1 Evacuation Pause) (young), 0.0452793 secs]
   [Parallel Time: 35.3 ms, GC Workers: 4]
      [GC Worker Start (ms): Min: 58848342.5, Avg: 58848342.5, Max: 58848342.6, Diff: 0.1]
      [Ext Root Scanning (ms): Min: 1.3, Avg: 2.5, Max: 5.2, Diff: 3.9, Sum: 10.1]
      [Update RS (ms): Min: 0.0, Avg: 1.8, Max: 2.7, Diff: 2.7, Sum: 7.0]
         [Processed Buffers: Min: 0, Avg: 3.0, Max: 8, Diff: 8, Sum: 12]
      [Scan RS (ms): Min: 0.0, Avg: 0.0, Max: 0.1, Diff: 0.1, Sum: 0.2]
      [Code Root Scanning (ms): Min: 0.0, Avg: 1.8, Max: 3.6, Diff: 3.6, Sum: 7.2]
      [Object Copy (ms): Min: 19.6, Avg: 24.1, Max: 29.2, Diff: 9.6, Sum: 96.3]
      [Termination (ms): Min: 1.4, Avg: 4.9, Max: 8.5, Diff: 7.1, Sum: 19.6]
         [Termination Attempts: Min: 18, Avg: 34.2, Max: 45, Diff: 27, Sum: 137]
      [GC Worker Other (ms): Min: 0.0, Avg: 0.0, Max: 0.0, Diff: 0.0, Sum: 0.1]
      [GC Worker Total (ms): Min: 35.1, Avg: 35.1, Max: 35.2, Diff: 0.1, Sum: 140.6]
      [GC Worker End (ms): Min: 58848377.7, Avg: 58848377.7, Max: 58848377.7, Diff: 0.0]
   [Code Root Fixup: 1.4 ms]
   [Code Root Purge: 0.0 ms]
   [Clear CT: 0.5 ms]
   [Other: 8.1 ms]
      [Choose CSet: 0.0 ms]
      [Ref Proc: 3.6 ms]
      [Ref Enq: 0.0 ms]
      [Redirty Cards: 0.2 ms]
      [Humongous Register: 2.7 ms]
      [Humongous Reclaim: 0.0 ms]
      [Free CSet: 1.0 ms]
   [Eden: 238.0M(238.0M)->0.0B(46.0M) Survivors: 5120.0K->5120.0K Heap: 373.5M(1024.0M)->136.0M(1024.0M)]
 [Times: user=0.04 sys=0.05, real=0.05 secs] 
2017-01-24T23:53:20.888+0500: 60795.960: [GC pause (G1 Evacuation Pause) (young), 0.0262282 secs]
   [Parallel Time: 22.1 ms, GC Workers: 4]
      [GC Worker Start (ms): Min: 60795962.6, Avg: 60795962.6, Max: 60795962.7, Diff: 0.1]
      [Ext Root Scanning (ms): Min: 2.8, Avg: 4.7, Max: 10.0, Diff: 7.1, Sum: 19.0]
      [Update RS (ms): Min: 0.0, Avg: 1.6, Max: 2.3, Diff: 2.3, Sum: 6.6]
         [Processed Buffers: Min: 0, Avg: 2.5, Max: 8, Diff: 8, Sum: 10]
      [Scan RS (ms): Min: 0.0, Avg: 0.0, Max: 0.0, Diff: 0.0, Sum: 0.0]
      [Code Root Scanning (ms): Min: 0.0, Avg: 4.7, Max: 9.5, Diff: 9.5, Sum: 18.7]
      [Object Copy (ms): Min: 7.4, Avg: 10.8, Max: 16.3, Diff: 8.9, Sum: 43.3]
      [Termination (ms): Min: 0.0, Avg: 0.0, Max: 0.0, Diff: 0.0, Sum: 0.0]
         [Termination Attempts: Min: 1, Avg: 1.0, Max: 1, Diff: 0, Sum: 4]
      [GC Worker Other (ms): Min: 0.0, Avg: 0.1, Max: 0.1, Diff: 0.1, Sum: 0.3]
      [GC Worker Total (ms): Min: 21.9, Avg: 22.0, Max: 22.1, Diff: 0.1, Sum: 87.9]
      [GC Worker End (ms): Min: 60795984.6, Avg: 60795984.6, Max: 60795984.6, Diff: 0.0]
   [Code Root Fixup: 0.6 ms]
   [Code Root Purge: 0.0 ms]
   [Clear CT: 0.1 ms]
   [Other: 3.4 ms]
      [Choose CSet: 0.0 ms]
      [Ref Proc: 0.4 ms]
      [Ref Enq: 0.0 ms]
      [Redirty Cards: 0.1 ms]
      [Humongous Register: 2.0 ms]
      [Humongous Reclaim: 0.0 ms]
      [Free CSet: 0.3 ms]
   [Eden: 46.0M(46.0M)->0.0B(48.0M) Survivors: 5120.0K->3072.0K Heap: 182.0M(1024.0M)->135.5M(1024.0M)]
 [Times: user=0.03 sys=0.05, real=0.03 secs] 
2017-01-25T00:45:00.168+0500: 61651.849: [GC pause (G1 Evacuation Pause) (young), 0.0144456 secs]
   [Parallel Time: 10.9 ms, GC Workers: 4]
      [GC Worker Start (ms): Min: 61651849.2, Avg: 61651850.8, Max: 61651854.2, Diff: 5.0]
      [Ext Root Scanning (ms): Min: 0.0, Avg: 1.0, Max: 2.1, Diff: 2.1, Sum: 4.1]
      [Update RS (ms): Min: 0.0, Avg: 1.9, Max: 3.6, Diff: 3.6, Sum: 7.7]
         [Processed Buffers: Min: 0, Avg: 4.8, Max: 12, Diff: 12, Sum: 19]
      [Scan RS (ms): Min: 0.0, Avg: 0.0, Max: 0.0, Diff: 0.0, Sum: 0.1]
      [Code Root Scanning (ms): Min: 0.0, Avg: 1.8, Max: 6.1, Diff: 6.1, Sum: 7.0]
      [Object Copy (ms): Min: 1.3, Avg: 4.4, Max: 6.4, Diff: 5.1, Sum: 17.4]
      [Termination (ms): Min: 0.0, Avg: 0.1, Max: 0.3, Diff: 0.3, Sum: 0.5]
         [Termination Attempts: Min: 1, Avg: 1.0, Max: 1, Diff: 0, Sum: 4]
      [GC Worker Other (ms): Min: 0.0, Avg: 0.0, Max: 0.0, Diff: 0.0, Sum: 0.1]
      [GC Worker Total (ms): Min: 5.8, Avg: 9.2, Max: 10.8, Diff: 5.0, Sum: 36.9]
      [GC Worker End (ms): Min: 61651860.0, Avg: 61651860.0, Max: 61651860.1, Diff: 0.1]
   [Code Root Fixup: 1.7 ms]
   [Code Root Purge: 0.0 ms]
   [Clear CT: 0.1 ms]
   [Other: 1.7 ms]
      [Choose CSet: 0.0 ms]
      [Ref Proc: 0.9 ms]
      [Ref Enq: 0.0 ms]
      [Redirty Cards: 0.1 ms]
      [Humongous Register: 0.1 ms]
      [Humongous Reclaim: 0.0 ms]
      [Free CSet: 0.2 ms]
   [Eden: 48.0M(48.0M)->0.0B(122.0M) Survivors: 3072.0K->2048.0K Heap: 183.5M(1024.0M)->135.2M(1024.0M)]
 [Times: user=0.02 sys=0.00, real=0.02 secs] 
2017-01-25T10:52:23.530+0500: 63950.319: [GC pause (G1 Evacuation Pause) (young), 0.0133806 secs]
   [Parallel Time: 9.8 ms, GC Workers: 4]
      [GC Worker Start (ms): Min: 63950320.6, Avg: 63950320.7, Max: 63950320.7, Diff: 0.2]
      [Ext Root Scanning (ms): Min: 1.3, Avg: 1.7, Max: 2.8, Diff: 1.5, Sum: 6.9]
      [Update RS (ms): Min: 0.1, Avg: 1.0, Max: 1.5, Diff: 1.4, Sum: 4.2]
         [Processed Buffers: Min: 1, Avg: 6.2, Max: 15, Diff: 14, Sum: 25]
      [Scan RS (ms): Min: 0.0, Avg: 0.0, Max: 0.0, Diff: 0.0, Sum: 0.1]
      [Code Root Scanning (ms): Min: 0.0, Avg: 0.8, Max: 3.1, Diff: 3.1, Sum: 3.1]
      [Object Copy (ms): Min: 3.6, Avg: 5.9, Max: 6.8, Diff: 3.2, Sum: 23.7]
      [Termination (ms): Min: 0.0, Avg: 0.1, Max: 0.2, Diff: 0.2, Sum: 0.4]
         [Termination Attempts: Min: 1, Avg: 1.2, Max: 2, Diff: 1, Sum: 5]
      [GC Worker Other (ms): Min: 0.0, Avg: 0.0, Max: 0.0, Diff: 0.0, Sum: 0.1]
      [GC Worker Total (ms): Min: 9.6, Avg: 9.6, Max: 9.7, Diff: 0.1, Sum: 38.5]
      [GC Worker End (ms): Min: 63950330.3, Avg: 63950330.3, Max: 63950330.3, Diff: 0.1]
   [Code Root Fixup: 0.6 ms]
   [Code Root Purge: 0.0 ms]
   [Clear CT: 0.1 ms]
   [Other: 2.8 ms]
      [Choose CSet: 0.0 ms]
      [Ref Proc: 0.6 ms]
      [Ref Enq: 0.0 ms]
      [Redirty Cards: 0.1 ms]
      [Humongous Register: 1.3 ms]
      [Humongous Reclaim: 0.0 ms]
      [Free CSet: 0.5 ms]
   [Eden: 122.0M(122.0M)->0.0B(125.0M) Survivors: 2048.0K->2048.0K Heap: 257.2M(1024.0M)->135.2M(1024.0M)]
 [Times: user=0.02 sys=0.02, real=0.01 secs] 
2017-01-25T16:28:56.885+0500: 67851.192: [GC pause (G1 Evacuation Pause) (young), 0.0330689 secs]
   [Parallel Time: 28.7 ms, GC Workers: 4]
      [GC Worker Start (ms): Min: 67851194.4, Avg: 67851194.5, Max: 67851194.5, Diff: 0.1]
      [Ext Root Scanning (ms): Min: 5.5, Avg: 7.8, Max: 14.6, Diff: 9.1, Sum: 31.3]
      [Update RS (ms): Min: 0.0, Avg: 5.9, Max: 8.5, Diff: 8.5, Sum: 23.4]
         [Processed Buffers: Min: 0, Avg: 5.8, Max: 20, Diff: 20, Sum: 23]
      [Scan RS (ms): Min: 0.0, Avg: 0.0, Max: 0.0, Diff: 0.0, Sum: 0.1]
      [Code Root Scanning (ms): Min: 0.0, Avg: 3.2, Max: 11.1, Diff: 11.1, Sum: 12.7]
      [Object Copy (ms): Min: 4.2, Avg: 11.3, Max: 14.3, Diff: 10.1, Sum: 45.3]
      [Termination (ms): Min: 0.0, Avg: 0.3, Max: 0.6, Diff: 0.5, Sum: 1.0]
         [Termination Attempts: Min: 11, Avg: 22.5, Max: 41, Diff: 30, Sum: 90]
      [GC Worker Other (ms): Min: 0.0, Avg: 0.1, Max: 0.1, Diff: 0.1, Sum: 0.2]
      [GC Worker Total (ms): Min: 28.5, Avg: 28.5, Max: 28.6, Diff: 0.1, Sum: 114.1]
      [GC Worker End (ms): Min: 67851223.0, Avg: 67851223.0, Max: 67851223.0, Diff: 0.0]
   [Code Root Fixup: 0.5 ms]
   [Code Root Purge: 0.0 ms]
   [Clear CT: 0.2 ms]
   [Other: 3.6 ms]
      [Choose CSet: 0.0 ms]
      [Ref Proc: 1.0 ms]
      [Ref Enq: 0.0 ms]
      [Redirty Cards: 0.1 ms]
      [Humongous Register: 1.7 ms]
      [Humongous Reclaim: 0.0 ms]
      [Free CSet: 0.3 ms]
   [Eden: 125.0M(125.0M)->0.0B(48.0M) Survivors: 2048.0K->3072.0K Heap: 260.2M(1024.0M)->136.2M(1024.0M)]
 [Times: user=0.01 sys=0.03, real=0.03 secs] 
2017-01-25T16:42:25.274+0500: 68659.556: [GC pause (G1 Evacuation Pause) (young), 0.0065008 secs]
   [Parallel Time: 5.3 ms, GC Workers: 4]
      [GC Worker Start (ms): Min: 68659556.8, Avg: 68659556.8, Max: 68659556.8, Diff: 0.0]
      [Ext Root Scanning (ms): Min: 0.7, Avg: 0.8, Max: 1.0, Diff: 0.3, Sum: 3.1]
      [Update RS (ms): Min: 0.5, Avg: 0.7, Max: 0.8, Diff: 0.3, Sum: 2.8]
         [Processed Buffers: Min: 1, Avg: 6.0, Max: 21, Diff: 20, Sum: 24]
      [Scan RS (ms): Min: 0.0, Avg: 0.0, Max: 0.0, Diff: 0.0, Sum: 0.1]
      [Code Root Scanning (ms): Min: 0.0, Avg: 0.8, Max: 1.7, Diff: 1.7, Sum: 3.4]
      [Object Copy (ms): Min: 2.0, Avg: 2.8, Max: 3.6, Diff: 1.6, Sum: 11.3]
      [Termination (ms): Min: 0.0, Avg: 0.0, Max: 0.0, Diff: 0.0, Sum: 0.0]
         [Termination Attempts: Min: 1, Avg: 1.0, Max: 1, Diff: 0, Sum: 4]
      [GC Worker Other (ms): Min: 0.0, Avg: 0.0, Max: 0.1, Diff: 0.0, Sum: 0.1]
      [GC Worker Total (ms): Min: 5.2, Avg: 5.2, Max: 5.2, Diff: 0.1, Sum: 20.8]
      [GC Worker End (ms): Min: 68659562.0, Avg: 68659562.0, Max: 68659562.0, Diff: 0.0]
   [Code Root Fixup: 0.4 ms]
   [Code Root Purge: 0.0 ms]
   [Clear CT: 0.1 ms]
   [Other: 0.8 ms]
      [Choose CSet: 0.0 ms]
      [Ref Proc: 0.2 ms]
      [Ref Enq: 0.0 ms]
      [Redirty Cards: 0.0 ms]
      [Humongous Register: 0.2 ms]
      [Humongous Reclaim: 0.0 ms]
      [Free CSet: 0.1 ms]
   [Eden: 48.0M(48.0M)->0.0B(119.0M) Survivors: 3072.0K->2048.0K Heap: 184.2M(1024.0M)->135.6M(1024.0M)]
 [Times: user=0.02 sys=0.00, real=0.01 secs] 
2017-01-25T17:25:06.876+0500: 71221.081: [GC pause (G1 Evacuation Pause) (young), 0.0182386 secs]
   [Parallel Time: 13.7 ms, GC Workers: 4]
      [GC Worker Start (ms): Min: 71221084.3, Avg: 71221084.4, Max: 71221084.6, Diff: 0.3]
      [Ext Root Scanning (ms): Min: 2.9, Avg: 3.6, Max: 5.4, Diff: 2.5, Sum: 14.2]
      [Update RS (ms): Min: 0.0, Avg: 1.3, Max: 2.2, Diff: 2.2, Sum: 5.3]
         [Processed Buffers: Min: 0, Avg: 6.5, Max: 23, Diff: 23, Sum: 26]
      [Scan RS (ms): Min: 0.0, Avg: 0.0, Max: 0.0, Diff: 0.0, Sum: 0.1]
      [Code Root Scanning (ms): Min: 0.0, Avg: 1.2, Max: 4.8, Diff: 4.8, Sum: 4.8]
      [Object Copy (ms): Min: 3.2, Avg: 6.4, Max: 8.3, Diff: 5.2, Sum: 25.7]
      [Termination (ms): Min: 0.4, Avg: 0.8, Max: 1.8, Diff: 1.4, Sum: 3.4]
         [Termination Attempts: Min: 8, Avg: 41.0, Max: 76, Diff: 68, Sum: 164]
      [GC Worker Other (ms): Min: 0.0, Avg: 0.1, Max: 0.1, Diff: 0.1, Sum: 0.3]
      [GC Worker Total (ms): Min: 13.3, Avg: 13.5, Max: 13.6, Diff: 0.3, Sum: 53.8]
      [GC Worker End (ms): Min: 71221097.9, Avg: 71221097.9, Max: 71221097.9, Diff: 0.0]
   [Code Root Fixup: 0.2 ms]
   [Code Root Purge: 0.0 ms]
   [Clear CT: 0.2 ms]
   [Other: 4.2 ms]
      [Choose CSet: 0.0 ms]
      [Ref Proc: 0.5 ms]
      [Ref Enq: 0.0 ms]
      [Redirty Cards: 0.0 ms]
      [Humongous Register: 2.5 ms]
      [Humongous Reclaim: 0.0 ms]
      [Free CSet: 0.3 ms]
   [Eden: 119.0M(119.0M)->0.0B(123.0M) Survivors: 2048.0K->2048.0K Heap: 254.6M(1024.0M)->135.7M(1024.0M)]
 [Times: user=0.02 sys=0.04, real=0.02 secs] 
2017-01-25T18:38:10.004+0500: 75604.079: [GC pause (G1 Evacuation Pause) (young), 0.0200124 secs]
   [Parallel Time: 16.0 ms, GC Workers: 4]
      [GC Worker Start (ms): Min: 75604081.4, Avg: 75604081.5, Max: 75604081.6, Diff: 0.1]
      [Ext Root Scanning (ms): Min: 2.3, Avg: 3.3, Max: 5.0, Diff: 2.7, Sum: 13.0]
      [Update RS (ms): Min: 0.0, Avg: 1.1, Max: 1.5, Diff: 1.5, Sum: 4.2]
         [Processed Buffers: Min: 0, Avg: 7.2, Max: 26, Diff: 26, Sum: 29]
      [Scan RS (ms): Min: 0.0, Avg: 0.0, Max: 0.0, Diff: 0.0, Sum: 0.1]
      [Code Root Scanning (ms): Min: 0.0, Avg: 1.0, Max: 4.0, Diff: 4.0, Sum: 4.0]
      [Object Copy (ms): Min: 3.0, Avg: 7.7, Max: 10.4, Diff: 7.4, Sum: 30.6]
      [Termination (ms): Min: 1.6, Avg: 2.8, Max: 4.5, Diff: 2.9, Sum: 11.2]
         [Termination Attempts: Min: 84, Avg: 124.8, Max: 184, Diff: 100, Sum: 499]
      [GC Worker Other (ms): Min: 0.0, Avg: 0.1, Max: 0.1, Diff: 0.1, Sum: 0.2]
      [GC Worker Total (ms): Min: 15.8, Avg: 15.8, Max: 15.9, Diff: 0.1, Sum: 63.4]
      [GC Worker End (ms): Min: 75604097.3, Avg: 75604097.3, Max: 75604097.4, Diff: 0.0]
   [Code Root Fixup: 0.2 ms]
   [Code Root Purge: 0.0 ms]
   [Clear CT: 0.1 ms]
   [Other: 3.7 ms]
      [Choose CSet: 0.0 ms]
      [Ref Proc: 0.7 ms]
      [Ref Enq: 0.0 ms]
      [Redirty Cards: 0.0 ms]
      [Humongous Register: 1.9 ms]
      [Humongous Reclaim: 0.0 ms]
      [Free CSet: 0.3 ms]
   [Eden: 123.0M(123.0M)->0.0B(124.0M) Survivors: 2048.0K->2048.0K Heap: 258.7M(1024.0M)->135.5M(1024.0M)]
 [Times: user=0.03 sys=0.04, real=0.02 secs] 
2017-01-25T20:17:20.006+0500: 81532.958: [GC pause (G1 Evacuation Pause) (young), 0.0238614 secs]
   [Parallel Time: 18.6 ms, GC Workers: 4]
      [GC Worker Start (ms): Min: 81532959.5, Avg: 81532959.5, Max: 81532959.6, Diff: 0.1]
      [Ext Root Scanning (ms): Min: 1.9, Avg: 2.9, Max: 4.8, Diff: 3.0, Sum: 11.5]
      [Update RS (ms): Min: 0.0, Avg: 0.9, Max: 1.9, Diff: 1.9, Sum: 3.8]
         [Processed Buffers: Min: 0, Avg: 8.0, Max: 15, Diff: 15, Sum: 32]
      [Scan RS (ms): Min: 0.0, Avg: 0.0, Max: 0.0, Diff: 0.0, Sum: 0.1]
      [Code Root Scanning (ms): Min: 0.0, Avg: 1.1, Max: 4.3, Diff: 4.3, Sum: 4.4]
      [Object Copy (ms): Min: 8.8, Avg: 10.3, Max: 11.4, Diff: 2.6, Sum: 41.3]
      [Termination (ms): Min: 2.7, Avg: 3.1, Max: 3.3, Diff: 0.6, Sum: 12.4]
         [Termination Attempts: Min: 123, Avg: 142.0, Max: 162, Diff: 39, Sum: 568]
      [GC Worker Other (ms): Min: 0.1, Avg: 0.1, Max: 0.1, Diff: 0.0, Sum: 0.3]
      [GC Worker Total (ms): Min: 18.4, Avg: 18.4, Max: 18.5, Diff: 0.1, Sum: 73.8]
      [GC Worker End (ms): Min: 81532978.0, Avg: 81532978.0, Max: 81532978.0, Diff: 0.0]
   [Code Root Fixup: 0.2 ms]
   [Code Root Purge: 0.0 ms]
   [Clear CT: 0.2 ms]
   [Other: 4.8 ms]
      [Choose CSet: 0.0 ms]
      [Ref Proc: 2.4 ms]
      [Ref Enq: 0.0 ms]
      [Redirty Cards: 0.1 ms]
      [Humongous Register: 1.4 ms]
      [Humongous Reclaim: 0.0 ms]
      [Free CSet: 0.3 ms]
   [Eden: 124.0M(124.0M)->0.0B(99.0M) Survivors: 2048.0K->2048.0K Heap: 259.5M(1024.0M)->135.9M(1024.0M)]
 [Times: user=0.03 sys=0.04, real=0.03 secs] 
