Java HotSpot(TM) 64-Bit Server VM (25.77-b03) for bsd-amd64 JRE (1.8.0_77-b03), built on Mar 20 2016 22:14:03 by "java_re" with gcc 4.2.1 (Based on Apple Inc. build 5658) (LLVM build 2336.11.00)
Memory: 4k page, physical 8388608k(35896k free)

/proc/meminfo:

CommandLine flags: -XX:+DisableExplicitGC -XX:InitialHeapSize=536870912 -XX:InitiatingHeapOccupancyPercent=35 -XX:+ManagementServer -XX:MaxGCPauseMillis=20 -XX:MaxHeapSize=536870912 -XX:+PrintGC -XX:+PrintGCDateStamps -XX:+PrintGCDetails -XX:+PrintGCTimeStamps -XX:+UseCompressedClassPointers -XX:+UseCompressedOops -XX:+UseG1GC 
2017-01-21T17:51:02.599+0500: 5256.266: [GC pause (G1 Evacuation Pause) (young), 0.0198617 secs]
   [Parallel Time: 15.8 ms, GC Workers: 4]
      [GC Worker Start (ms): Min: 5256266.8, Avg: 5256269.0, Max: 5256270.4, Diff: 3.6]
      [Ext Root Scanning (ms): Min: 0.0, Avg: 1.2, Max: 3.4, Diff: 3.4, Sum: 4.9]
      [Update RS (ms): Min: 0.0, Avg: 0.3, Max: 1.1, Diff: 1.1, Sum: 1.1]
         [Processed Buffers: Min: 0, Avg: 0.0, Max: 0, Diff: 0, Sum: 0]
      [Scan RS (ms): Min: 0.0, Avg: 0.0, Max: 0.0, Diff: 0.0, Sum: 0.0]
      [Code Root Scanning (ms): Min: 0.0, Avg: 0.3, Max: 0.6, Diff: 0.6, Sum: 1.1]
      [Object Copy (ms): Min: 10.4, Avg: 10.7, Max: 11.3, Diff: 0.9, Sum: 42.8]
      [Termination (ms): Min: 0.0, Avg: 0.6, Max: 1.2, Diff: 1.2, Sum: 2.5]
         [Termination Attempts: Min: 1, Avg: 2.0, Max: 3, Diff: 2, Sum: 8]
      [GC Worker Other (ms): Min: 0.0, Avg: 0.0, Max: 0.0, Diff: 0.0, Sum: 0.1]
      [GC Worker Total (ms): Min: 11.3, Avg: 13.1, Max: 15.7, Diff: 4.5, Sum: 52.4]
      [GC Worker End (ms): Min: 5256281.7, Avg: 5256282.1, Max: 5256282.5, Diff: 0.9]
   [Code Root Fixup: 0.3 ms]
   [Code Root Purge: 0.0 ms]
   [Clear CT: 0.1 ms]
   [Other: 3.5 ms]
      [Choose CSet: 0.0 ms]
      [Ref Proc: 2.4 ms]
      [Ref Enq: 0.0 ms]
      [Redirty Cards: 0.1 ms]
      [Humongous Register: 0.8 ms]
      [Humongous Reclaim: 0.0 ms]
      [Free CSet: 0.1 ms]
   [Eden: 25.0M(25.0M)->0.0B(21.0M) Survivors: 0.0B->4096.0K Heap: 25.0M(512.0M)->3430.4K(512.0M)]
 [Times: user=0.02 sys=0.01, real=0.02 secs] 
2017-01-22T14:16:38.117+0500: 16008.939: [GC pause (G1 Evacuation Pause) (young), 0.0111148 secs]
   [Parallel Time: 8.7 ms, GC Workers: 4]
      [GC Worker Start (ms): Min: 16008940.5, Avg: 16008940.7, Max: 16008941.3, Diff: 0.9]
      [Ext Root Scanning (ms): Min: 0.3, Avg: 1.5, Max: 3.1, Diff: 2.9, Sum: 5.8]
      [Update RS (ms): Min: 0.0, Avg: 0.0, Max: 0.0, Diff: 0.0, Sum: 0.0]
         [Processed Buffers: Min: 0, Avg: 0.0, Max: 0, Diff: 0, Sum: 0]
      [Scan RS (ms): Min: 0.0, Avg: 0.0, Max: 0.0, Diff: 0.0, Sum: 0.0]
      [Code Root Scanning (ms): Min: 0.0, Avg: 0.5, Max: 1.7, Diff: 1.7, Sum: 1.8]
      [Object Copy (ms): Min: 5.4, Avg: 6.4, Max: 7.2, Diff: 1.8, Sum: 25.5]
      [Termination (ms): Min: 0.0, Avg: 0.0, Max: 0.0, Diff: 0.0, Sum: 0.0]
         [Termination Attempts: Min: 1, Avg: 2.2, Max: 4, Diff: 3, Sum: 9]
      [GC Worker Other (ms): Min: 0.0, Avg: 0.0, Max: 0.0, Diff: 0.0, Sum: 0.1]
      [GC Worker Total (ms): Min: 7.7, Avg: 8.3, Max: 8.6, Diff: 0.9, Sum: 33.3]
      [GC Worker End (ms): Min: 16008949.0, Avg: 16008949.0, Max: 16008949.0, Diff: 0.0]
   [Code Root Fixup: 0.2 ms]
   [Code Root Purge: 0.0 ms]
   [Clear CT: 0.1 ms]
   [Other: 2.2 ms]
      [Choose CSet: 0.0 ms]
      [Ref Proc: 0.2 ms]
      [Ref Enq: 0.0 ms]
      [Redirty Cards: 0.0 ms]
      [Humongous Register: 1.5 ms]
      [Humongous Reclaim: 0.0 ms]
      [Free CSet: 0.1 ms]
   [Eden: 21.0M(21.0M)->0.0B(22.0M) Survivors: 4096.0K->3072.0K Heap: 24.3M(512.0M)->4590.5K(512.0M)]
 [Times: user=0.01 sys=0.02, real=0.05 secs] 
2017-01-22T22:53:43.309+0500: 19975.021: [GC pause (G1 Evacuation Pause) (young), 0.0094791 secs]
   [Parallel Time: 8.1 ms, GC Workers: 4]
      [GC Worker Start (ms): Min: 19975021.0, Avg: 19975021.9, Max: 19975022.7, Diff: 1.7]
      [Ext Root Scanning (ms): Min: 0.0, Avg: 0.4, Max: 1.1, Diff: 1.1, Sum: 1.5]
      [Update RS (ms): Min: 0.6, Avg: 1.0, Max: 1.5, Diff: 0.9, Sum: 3.9]
         [Processed Buffers: Min: 2, Avg: 2.8, Max: 5, Diff: 3, Sum: 11]
      [Scan RS (ms): Min: 0.0, Avg: 0.1, Max: 0.1, Diff: 0.1, Sum: 0.2]
      [Code Root Scanning (ms): Min: 0.0, Avg: 0.1, Max: 0.3, Diff: 0.3, Sum: 0.4]
      [Object Copy (ms): Min: 0.8, Avg: 1.9, Max: 3.0, Diff: 2.2, Sum: 7.5]
      [Termination (ms): Min: 0.0, Avg: 2.3, Max: 4.7, Diff: 4.7, Sum: 9.4]
         [Termination Attempts: Min: 1, Avg: 2.8, Max: 6, Diff: 5, Sum: 11]
      [GC Worker Other (ms): Min: 0.0, Avg: 0.1, Max: 0.1, Diff: 0.1, Sum: 0.2]
      [GC Worker Total (ms): Min: 3.6, Avg: 5.8, Max: 8.0, Diff: 4.5, Sum: 23.1]
      [GC Worker End (ms): Min: 19975026.3, Avg: 19975027.6, Max: 19975029.0, Diff: 2.8]
   [Code Root Fixup: 0.1 ms]
   [Code Root Purge: 0.0 ms]
   [Clear CT: 0.1 ms]
   [Other: 1.2 ms]
      [Choose CSet: 0.0 ms]
      [Ref Proc: 0.8 ms]
      [Ref Enq: 0.0 ms]
      [Redirty Cards: 0.0 ms]
      [Humongous Register: 0.0 ms]
      [Humongous Reclaim: 0.0 ms]
      [Free CSet: 0.0 ms]
   [Eden: 22.0M(22.0M)->0.0B(24.0M) Survivors: 3072.0K->1024.0K Heap: 26.5M(512.0M)->2969.9K(512.0M)]
 [Times: user=0.01 sys=0.01, real=0.02 secs] 
2017-01-23T13:50:18.023+0500: 35036.709: [GC pause (G1 Evacuation Pause) (young), 0.0088962 secs]
   [Parallel Time: 7.2 ms, GC Workers: 4]
      [GC Worker Start (ms): Min: 35036710.5, Avg: 35036711.4, Max: 35036712.4, Diff: 1.9]
      [Ext Root Scanning (ms): Min: 0.0, Avg: 0.9, Max: 1.8, Diff: 1.8, Sum: 3.5]
      [Update RS (ms): Min: 0.1, Avg: 0.4, Max: 0.8, Diff: 0.7, Sum: 1.5]
         [Processed Buffers: Min: 0, Avg: 1.8, Max: 4, Diff: 4, Sum: 7]
      [Scan RS (ms): Min: 0.0, Avg: 0.0, Max: 0.0, Diff: 0.0, Sum: 0.0]
      [Code Root Scanning (ms): Min: 0.0, Avg: 0.2, Max: 0.6, Diff: 0.6, Sum: 0.8]
      [Object Copy (ms): Min: 4.3, Avg: 4.5, Max: 4.7, Diff: 0.4, Sum: 18.1]
      [Termination (ms): Min: 0.1, Avg: 0.1, Max: 0.2, Diff: 0.1, Sum: 0.5]
         [Termination Attempts: Min: 5, Avg: 6.5, Max: 8, Diff: 3, Sum: 26]
      [GC Worker Other (ms): Min: 0.0, Avg: 0.0, Max: 0.1, Diff: 0.1, Sum: 0.2]
      [GC Worker Total (ms): Min: 5.1, Avg: 6.1, Max: 7.0, Diff: 1.9, Sum: 24.6]
      [GC Worker End (ms): Min: 35036717.5, Avg: 35036717.5, Max: 35036717.5, Diff: 0.0]
   [Code Root Fixup: 0.1 ms]
   [Code Root Purge: 0.0 ms]
   [Clear CT: 0.1 ms]
   [Other: 1.5 ms]
      [Choose CSet: 0.0 ms]
      [Ref Proc: 0.1 ms]
      [Ref Enq: 0.0 ms]
      [Redirty Cards: 0.1 ms]
      [Humongous Register: 1.0 ms]
      [Humongous Reclaim: 0.0 ms]
      [Free CSet: 0.1 ms]
   [Eden: 24.0M(24.0M)->0.0B(24.0M) Survivors: 1024.0K->1024.0K Heap: 26.9M(512.0M)->2950.3K(512.0M)]
 [Times: user=0.00 sys=0.02, real=0.01 secs] 
2017-01-24T09:06:51.554+0500: 49283.763: [GC pause (G1 Evacuation Pause) (young), 0.0087515 secs]
   [Parallel Time: 6.9 ms, GC Workers: 4]
      [GC Worker Start (ms): Min: 49283764.8, Avg: 49283764.9, Max: 49283765.0, Diff: 0.2]
      [Ext Root Scanning (ms): Min: 1.2, Avg: 1.4, Max: 1.7, Diff: 0.4, Sum: 5.5]
      [Update RS (ms): Min: 0.1, Avg: 0.2, Max: 0.4, Diff: 0.3, Sum: 0.7]
         [Processed Buffers: Min: 1, Avg: 1.5, Max: 3, Diff: 2, Sum: 6]
      [Scan RS (ms): Min: 0.0, Avg: 0.0, Max: 0.0, Diff: 0.0, Sum: 0.0]
      [Code Root Scanning (ms): Min: 0.0, Avg: 0.2, Max: 0.9, Diff: 0.9, Sum: 0.9]
      [Object Copy (ms): Min: 4.2, Avg: 4.7, Max: 5.1, Diff: 0.9, Sum: 19.0]
      [Termination (ms): Min: 0.1, Avg: 0.1, Max: 0.2, Diff: 0.2, Sum: 0.5]
         [Termination Attempts: Min: 6, Avg: 10.2, Max: 16, Diff: 10, Sum: 41]
      [GC Worker Other (ms): Min: 0.0, Avg: 0.0, Max: 0.0, Diff: 0.0, Sum: 0.1]
      [GC Worker Total (ms): Min: 6.6, Avg: 6.7, Max: 6.8, Diff: 0.2, Sum: 26.7]
      [GC Worker End (ms): Min: 49283771.6, Avg: 49283771.6, Max: 49283771.6, Diff: 0.0]
   [Code Root Fixup: 0.1 ms]
   [Code Root Purge: 0.0 ms]
   [Clear CT: 0.1 ms]
   [Other: 1.7 ms]
      [Choose CSet: 0.0 ms]
      [Ref Proc: 0.1 ms]
      [Ref Enq: 0.0 ms]
      [Redirty Cards: 0.1 ms]
      [Humongous Register: 1.2 ms]
      [Humongous Reclaim: 0.0 ms]
      [Free CSet: 0.1 ms]
   [Eden: 24.0M(24.0M)->0.0B(24.0M) Survivors: 1024.0K->1024.0K Heap: 26.9M(512.0M)->2909.3K(512.0M)]
 [Times: user=0.01 sys=0.02, real=0.01 secs] 
2017-01-25T01:19:04.872+0500: 63825.388: [GC pause (G1 Evacuation Pause) (young), 0.0124054 secs]
   [Parallel Time: 10.0 ms, GC Workers: 4]
      [GC Worker Start (ms): Min: 63825389.3, Avg: 63825389.4, Max: 63825389.5, Diff: 0.2]
      [Ext Root Scanning (ms): Min: 1.8, Avg: 2.3, Max: 3.3, Diff: 1.5, Sum: 9.3]
      [Update RS (ms): Min: 0.0, Avg: 0.5, Max: 0.7, Diff: 0.7, Sum: 1.8]
         [Processed Buffers: Min: 0, Avg: 1.8, Max: 3, Diff: 3, Sum: 7]
      [Scan RS (ms): Min: 0.0, Avg: 0.0, Max: 0.0, Diff: 0.0, Sum: 0.0]
      [Code Root Scanning (ms): Min: 0.0, Avg: 0.6, Max: 2.2, Diff: 2.2, Sum: 2.2]
      [Object Copy (ms): Min: 4.7, Avg: 6.2, Max: 6.9, Diff: 2.3, Sum: 24.7]
      [Termination (ms): Min: 0.1, Avg: 0.1, Max: 0.2, Diff: 0.1, Sum: 0.5]
         [Termination Attempts: Min: 9, Avg: 13.2, Max: 19, Diff: 10, Sum: 53]
      [GC Worker Other (ms): Min: 0.1, Avg: 0.1, Max: 0.1, Diff: 0.1, Sum: 0.4]
      [GC Worker Total (ms): Min: 9.6, Avg: 9.8, Max: 9.9, Diff: 0.3, Sum: 39.0]
      [GC Worker End (ms): Min: 63825399.1, Avg: 63825399.1, Max: 63825399.2, Diff: 0.0]
   [Code Root Fixup: 0.1 ms]
   [Code Root Purge: 0.2 ms]
   [Clear CT: 0.1 ms]
   [Other: 2.0 ms]
      [Choose CSet: 0.0 ms]
      [Ref Proc: 0.1 ms]
      [Ref Enq: 0.0 ms]
      [Redirty Cards: 0.0 ms]
      [Humongous Register: 1.2 ms]
      [Humongous Reclaim: 0.0 ms]
      [Free CSet: 0.1 ms]
   [Eden: 24.0M(24.0M)->0.0B(25.0M) Survivors: 1024.0K->1024.0K Heap: 26.8M(512.0M)->2911.5K(512.0M)]
 [Times: user=0.00 sys=0.03, real=0.01 secs] 
2017-01-25T20:06:54.765+0500: 81036.635: [GC pause (G1 Evacuation Pause) (young), 0.0112847 secs]
   [Parallel Time: 9.2 ms, GC Workers: 4]
      [GC Worker Start (ms): Min: 81036636.3, Avg: 81036636.4, Max: 81036636.5, Diff: 0.2]
      [Ext Root Scanning (ms): Min: 1.5, Avg: 2.0, Max: 3.0, Diff: 1.5, Sum: 8.0]
      [Update RS (ms): Min: 0.0, Avg: 0.4, Max: 1.1, Diff: 1.1, Sum: 1.8]
         [Processed Buffers: Min: 0, Avg: 1.5, Max: 4, Diff: 4, Sum: 6]
      [Scan RS (ms): Min: 0.0, Avg: 0.0, Max: 0.0, Diff: 0.0, Sum: 0.0]
      [Code Root Scanning (ms): Min: 0.0, Avg: 0.6, Max: 2.4, Diff: 2.4, Sum: 2.4]
      [Object Copy (ms): Min: 4.6, Avg: 5.8, Max: 6.4, Diff: 1.8, Sum: 23.1]
      [Termination (ms): Min: 0.1, Avg: 0.1, Max: 0.1, Diff: 0.1, Sum: 0.4]
         [Termination Attempts: Min: 4, Avg: 5.5, Max: 7, Diff: 3, Sum: 22]
      [GC Worker Other (ms): Min: 0.0, Avg: 0.0, Max: 0.1, Diff: 0.0, Sum: 0.2]
      [GC Worker Total (ms): Min: 8.9, Avg: 9.0, Max: 9.1, Diff: 0.2, Sum: 35.9]
      [GC Worker End (ms): Min: 81036645.4, Avg: 81036645.4, Max: 81036645.4, Diff: 0.0]
   [Code Root Fixup: 0.1 ms]
   [Code Root Purge: 0.0 ms]
   [Clear CT: 0.1 ms]
   [Other: 1.9 ms]
      [Choose CSet: 0.0 ms]
      [Ref Proc: 0.1 ms]
      [Ref Enq: 0.0 ms]
      [Redirty Cards: 0.0 ms]
      [Humongous Register: 1.2 ms]
      [Humongous Reclaim: 0.0 ms]
      [Free CSet: 0.1 ms]
   [Eden: 25.0M(25.0M)->0.0B(28.0M) Survivors: 1024.0K->1024.0K Heap: 27.8M(512.0M)->2919.6K(512.0M)]
 [Times: user=0.01 sys=0.02, real=0.01 secs] 
Heap
 garbage-first heap   total 524288K, used 9063K [0x00000007a0000000, 0x00000007a0101000, 0x00000007c0000000)
  region size 1024K, 8 young (8192K), 1 survivors (1024K)
 Metaspace       used 10484K, capacity 10702K, committed 10752K, reserved 1058816K
  class space    used 1172K, capacity 1247K, committed 1280K, reserved 1048576K
